INFO:__main__:CHILD MODEL LOSS: 1.9094752388000489 with train time 43.471739530563354
INFO:__main__:CHILD MODEL ACCURACY: 0.4625
INFO:__main__:Policy gradient: 0.2632761001586914
INFO:__main__:
INFO:__main__:------ ITERATION 278 ------
INFO:__main__:Layers generated: [('64', '3', '2'), ('16', '3', '0')]
INFO:__main__:ChildCNNModel(
  (model): Sequential(
    (0): Conv2d(3, 128, kernel_size=(3, 3), stride=(1, 1), padding=(1, 1))
    (1): ReLU()
    (2): MaxPool2d(kernel_size=2, stride=2, padding=0, dilation=1, ceil_mode=False)
    (3): Conv2d(128, 64, kernel_size=(3, 3), stride=(1, 1), padding=(2, 2))
    (4): ReLU()
    (5): MaxPool2d(kernel_size=2, stride=2, padding=0, dilation=1, ceil_mode=False)
    (6): Conv2d(64, 16, kernel_size=(3, 3), stride=(1, 1))
    (7): ReLU()
    (8): MaxPool2d(kernel_size=2, stride=2, padding=0, dilation=1, ceil_mode=False)
    (9): Flatten(start_dim=1, end_dim=-1)
    (10): Linear(in_features=144, out_features=512, bias=True)
    (11): ReLU()
    (12): Linear(in_features=512, out_features=256, bias=True)
    (13): ReLU()
    (14): Linear(in_features=256, out_features=100, bias=True)
  )
)
INFO:__main__:CHILD MODEL LOSS: 2.5352276277542116 with train time 42.34537744522095
INFO:__main__:CHILD MODEL ACCURACY: 0.362
INFO:__main__:Policy gradient: -0.533881425857544
INFO:__main__:
INFO:__main__:------ ITERATION 279 ------
INFO:__main__:Layers generated: [('64', '1', '0'), ('64', '5', '0')]
INFO:__main__:ChildCNNModel(
  (model): Sequential(
    (0): Conv2d(3, 128, kernel_size=(3, 3), stride=(1, 1), padding=(1, 1))
    (1): ReLU()
    (2): MaxPool2d(kernel_size=2, stride=2, padding=0, dilation=1, ceil_mode=False)
    (3): Conv2d(128, 64, kernel_size=(1, 1), stride=(1, 1))
    (4): ReLU()
    (5): MaxPool2d(kernel_size=2, stride=2, padding=0, dilation=1, ceil_mode=False)
    (6): Conv2d(64, 64, kernel_size=(5, 5), stride=(1, 1))
    (7): ReLU()
    (8): MaxPool2d(kernel_size=2, stride=2, padding=0, dilation=1, ceil_mode=False)
    (9): Flatten(start_dim=1, end_dim=-1)
    (10): Linear(in_features=256, out_features=512, bias=True)
    (11): ReLU()
    (12): Linear(in_features=512, out_features=256, bias=True)
    (13): ReLU()
    (14): Linear(in_features=256, out_features=100, bias=True)
  )
)
INFO:__main__:CHILD MODEL LOSS: 2.3795854692459106 with train time 41.935593605041504
INFO:__main__:CHILD MODEL ACCURACY: 0.3904
INFO:__main__:Policy gradient: -0.23352132737636566
INFO:__main__:
INFO:__main__:------ ITERATION 280 ------
INFO:__main__:Layers generated: [('256', '5', '0'), ('32', '3', '2')]
INFO:__main__:ChildCNNModel(
  (model): Sequential(
    (0): Conv2d(3, 128, kernel_size=(3, 3), stride=(1, 1), padding=(1, 1))
    (1): ReLU()
    (2): MaxPool2d(kernel_size=2, stride=2, padding=0, dilation=1, ceil_mode=False)
    (3): Conv2d(128, 256, kernel_size=(5, 5), stride=(1, 1))
    (4): ReLU()
    (5): MaxPool2d(kernel_size=2, stride=2, padding=0, dilation=1, ceil_mode=False)
    (6): Conv2d(256, 32, kernel_size=(3, 3), stride=(1, 1), padding=(2, 2))
    (7): ReLU()
    (8): MaxPool2d(kernel_size=2, stride=2, padding=0, dilation=1, ceil_mode=False)
    (9): Flatten(start_dim=1, end_dim=-1)
    (10): Linear(in_features=512, out_features=512, bias=True)
    (11): ReLU()
    (12): Linear(in_features=512, out_features=256, bias=True)
    (13): ReLU()
    (14): Linear(in_features=256, out_features=100, bias=True)
  )
)
INFO:__main__:CHILD MODEL LOSS: 2.0178359580039977 with train time 57.188971281051636
INFO:__main__:CHILD MODEL ACCURACY: 0.4514
INFO:__main__:Policy gradient: 0.24341070652008057
INFO:__main__:
INFO:__main__:------ ITERATION 281 ------
INFO:__main__:Layers generated: [('256', '5', '2'), ('256', '3', '2')]
INFO:__main__:ChildCNNModel(
  (model): Sequential(
    (0): Conv2d(3, 128, kernel_size=(3, 3), stride=(1, 1), padding=(1, 1))
    (1): ReLU()
    (2): MaxPool2d(kernel_size=2, stride=2, padding=0, dilation=1, ceil_mode=False)
    (3): Conv2d(128, 256, kernel_size=(5, 5), stride=(1, 1), padding=(2, 2))
    (4): ReLU()
    (5): MaxPool2d(kernel_size=2, stride=2, padding=0, dilation=1, ceil_mode=False)
    (6): Conv2d(256, 256, kernel_size=(3, 3), stride=(1, 1), padding=(2, 2))
    (7): ReLU()
    (8): MaxPool2d(kernel_size=2, stride=2, padding=0, dilation=1, ceil_mode=False)
    (9): Flatten(start_dim=1, end_dim=-1)
    (10): Linear(in_features=6400, out_features=512, bias=True)
    (11): ReLU()
    (12): Linear(in_features=512, out_features=256, bias=True)
    (13): ReLU()
    (14): Linear(in_features=256, out_features=100, bias=True)
  )
)
INFO:__main__:CHILD MODEL LOSS: 1.9761302194595336 with train time 82.29942607879639
INFO:__main__:CHILD MODEL ACCURACY: 0.4418
INFO:__main__:Policy gradient: 0.12562961876392365
INFO:__main__:
INFO:__main__:------ ITERATION 282 ------
INFO:__main__:Layers generated: [('256', '1', '0'), ('128', '1', '0')]
INFO:__main__:ChildCNNModel(
  (model): Sequential(
    (0): Conv2d(3, 128, kernel_size=(3, 3), stride=(1, 1), padding=(1, 1))
    (1): ReLU()
    (2): MaxPool2d(kernel_size=2, stride=2, padding=0, dilation=1, ceil_mode=False)
    (3): Conv2d(128, 256, kernel_size=(1, 1), stride=(1, 1))
    (4): ReLU()
    (5): MaxPool2d(kernel_size=2, stride=2, padding=0, dilation=1, ceil_mode=False)
    (6): Conv2d(256, 128, kernel_size=(1, 1), stride=(1, 1))
    (7): ReLU()
    (8): MaxPool2d(kernel_size=2, stride=2, padding=0, dilation=1, ceil_mode=False)
    (9): Flatten(start_dim=1, end_dim=-1)
    (10): Linear(in_features=2048, out_features=512, bias=True)
    (11): ReLU()
    (12): Linear(in_features=512, out_features=256, bias=True)
    (13): ReLU()
    (14): Linear(in_features=256, out_features=100, bias=True)
  )
)
INFO:__main__:CHILD MODEL LOSS: 2.1413491959571838 with train time 44.16230773925781
INFO:__main__:CHILD MODEL ACCURACY: 0.4282
INFO:__main__:Policy gradient: 0.03343643620610237
INFO:__main__:
INFO:__main__:------ ITERATION 283 ------
INFO:__main__:Layers generated: [('64', '1', '2'), ('128', '1', '1')]
INFO:__main__:ChildCNNModel(
  (model): Sequential(
    (0): Conv2d(3, 128, kernel_size=(3, 3), stride=(1, 1), padding=(1, 1))
    (1): ReLU()
    (2): MaxPool2d(kernel_size=2, stride=2, padding=0, dilation=1, ceil_mode=False)
    (3): Conv2d(128, 64, kernel_size=(1, 1), stride=(1, 1), padding=(2, 2))
    (4): ReLU()
    (5): MaxPool2d(kernel_size=2, stride=2, padding=0, dilation=1, ceil_mode=False)
    (6): Conv2d(64, 128, kernel_size=(1, 1), stride=(1, 1), padding=(1, 1))
    (7): ReLU()
    (8): MaxPool2d(kernel_size=2, stride=2, padding=0, dilation=1, ceil_mode=False)
    (9): Flatten(start_dim=1, end_dim=-1)
    (10): Linear(in_features=4608, out_features=512, bias=True)
    (11): ReLU()
    (12): Linear(in_features=512, out_features=256, bias=True)
    (13): ReLU()
    (14): Linear(in_features=256, out_features=100, bias=True)
  )
)
INFO:__main__:CHILD MODEL LOSS: 2.311487779140472 with train time 40.774380922317505
INFO:__main__:CHILD MODEL ACCURACY: 0.4098
INFO:__main__:Policy gradient: -0.11148379743099213
INFO:__main__:
INFO:__main__:------ ITERATION 284 ------
INFO:__main__:Layers generated: [('256', '1', '2'), ('64', '1', '0')]
INFO:__main__:ChildCNNModel(
  (model): Sequential(
    (0): Conv2d(3, 128, kernel_size=(3, 3), stride=(1, 1), padding=(1, 1))
    (1): ReLU()
    (2): MaxPool2d(kernel_size=2, stride=2, padding=0, dilation=1, ceil_mode=False)
    (3): Conv2d(128, 256, kernel_size=(1, 1), stride=(1, 1), padding=(2, 2))
    (4): ReLU()
    (5): MaxPool2d(kernel_size=2, stride=2, padding=0, dilation=1, ceil_mode=False)
    (6): Conv2d(256, 64, kernel_size=(1, 1), stride=(1, 1))
    (7): ReLU()
    (8): MaxPool2d(kernel_size=2, stride=2, padding=0, dilation=1, ceil_mode=False)
    (9): Flatten(start_dim=1, end_dim=-1)
    (10): Linear(in_features=1600, out_features=512, bias=True)
    (11): ReLU()
    (12): Linear(in_features=512, out_features=256, bias=True)
    (13): ReLU()
    (14): Linear(in_features=256, out_features=100, bias=True)
  )
)
INFO:__main__:CHILD MODEL LOSS: 2.230796770095825 with train time 49.258569955825806
INFO:__main__:CHILD MODEL ACCURACY: 0.4089
INFO:__main__:Policy gradient: -0.10701131820678711
INFO:__main__:
INFO:__main__:------ ITERATION 285 ------
INFO:__main__:Layers generated: [('64', '5', '1'), ('16', '5', '2')]
INFO:__main__:ChildCNNModel(
  (model): Sequential(
    (0): Conv2d(3, 128, kernel_size=(3, 3), stride=(1, 1), padding=(1, 1))
    (1): ReLU()
    (2): MaxPool2d(kernel_size=2, stride=2, padding=0, dilation=1, ceil_mode=False)
    (3): Conv2d(128, 64, kernel_size=(5, 5), stride=(1, 1), padding=(1, 1))
    (4): ReLU()
    (5): MaxPool2d(kernel_size=2, stride=2, padding=0, dilation=1, ceil_mode=False)
    (6): Conv2d(64, 16, kernel_size=(5, 5), stride=(1, 1), padding=(2, 2))
    (7): ReLU()
    (8): MaxPool2d(kernel_size=2, stride=2, padding=0, dilation=1, ceil_mode=False)
    (9): Flatten(start_dim=1, end_dim=-1)
    (10): Linear(in_features=144, out_features=512, bias=True)
    (11): ReLU()
    (12): Linear(in_features=512, out_features=256, bias=True)
    (13): ReLU()
    (14): Linear(in_features=256, out_features=100, bias=True)
  )
)
INFO:__main__:CHILD MODEL LOSS: 2.3882984113693237 with train time 46.91459846496582
INFO:__main__:CHILD MODEL ACCURACY: 0.3823
INFO:__main__:Policy gradient: -0.3095182776451111
INFO:__main__:
INFO:__main__:------ ITERATION 286 ------
INFO:__main__:Layers generated: [('256', '3', '2'), ('256', '5', '0')]
INFO:__main__:ChildCNNModel(
  (model): Sequential(
    (0): Conv2d(3, 128, kernel_size=(3, 3), stride=(1, 1), padding=(1, 1))
    (1): ReLU()
    (2): MaxPool2d(kernel_size=2, stride=2, padding=0, dilation=1, ceil_mode=False)
    (3): Conv2d(128, 256, kernel_size=(3, 3), stride=(1, 1), padding=(2, 2))
    (4): ReLU()
    (5): MaxPool2d(kernel_size=2, stride=2, padding=0, dilation=1, ceil_mode=False)
    (6): Conv2d(256, 256, kernel_size=(5, 5), stride=(1, 1))
    (7): ReLU()
    (8): MaxPool2d(kernel_size=2, stride=2, padding=0, dilation=1, ceil_mode=False)
    (9): Flatten(start_dim=1, end_dim=-1)
    (10): Linear(in_features=1024, out_features=512, bias=True)
    (11): ReLU()
    (12): Linear(in_features=512, out_features=256, bias=True)
    (13): ReLU()
    (14): Linear(in_features=256, out_features=100, bias=True)
  )
)
INFO:__main__:CHILD MODEL LOSS: 1.9197100987434388 with train time 70.41342377662659
INFO:__main__:CHILD MODEL ACCURACY: 0.4708
INFO:__main__:Policy gradient: 0.3575645983219147
INFO:__main__:
INFO:__main__:------ ITERATION 287 ------
INFO:__main__:Layers generated: [('128', '1', '0'), ('64', '3', '2')]
INFO:__main__:ChildCNNModel(
  (model): Sequential(
    (0): Conv2d(3, 128, kernel_size=(3, 3), stride=(1, 1), padding=(1, 1))
    (1): ReLU()
    (2): MaxPool2d(kernel_size=2, stride=2, padding=0, dilation=1, ceil_mode=False)
    (3): Conv2d(128, 128, kernel_size=(1, 1), stride=(1, 1))
    (4): ReLU()
    (5): MaxPool2d(kernel_size=2, stride=2, padding=0, dilation=1, ceil_mode=False)
    (6): Conv2d(128, 64, kernel_size=(3, 3), stride=(1, 1), padding=(2, 2))
    (7): ReLU()
    (8): MaxPool2d(kernel_size=2, stride=2, padding=0, dilation=1, ceil_mode=False)
    (9): Flatten(start_dim=1, end_dim=-1)
    (10): Linear(in_features=1600, out_features=512, bias=True)
    (11): ReLU()
    (12): Linear(in_features=512, out_features=256, bias=True)
    (13): ReLU()
    (14): Linear(in_features=256, out_features=100, bias=True)
  )
)
INFO:__main__:CHILD MODEL LOSS: 2.100179582595825 with train time 43.82679104804993
INFO:__main__:CHILD MODEL ACCURACY: 0.4278
INFO:__main__:Policy gradient: 0.034295953810214996
INFO:__main__:
INFO:__main__:------ ITERATION 288 ------
INFO:__main__:Layers generated: [('256', '3', '0'), ('256', '3', '1')]
INFO:__main__:ChildCNNModel(
  (model): Sequential(
    (0): Conv2d(3, 128, kernel_size=(3, 3), stride=(1, 1), padding=(1, 1))
    (1): ReLU()
    (2): MaxPool2d(kernel_size=2, stride=2, padding=0, dilation=1, ceil_mode=False)
    (3): Conv2d(128, 256, kernel_size=(3, 3), stride=(1, 1))
    (4): ReLU()
    (5): MaxPool2d(kernel_size=2, stride=2, padding=0, dilation=1, ceil_mode=False)
    (6): Conv2d(256, 256, kernel_size=(3, 3), stride=(1, 1), padding=(1, 1))
    (7): ReLU()
    (8): MaxPool2d(kernel_size=2, stride=2, padding=0, dilation=1, ceil_mode=False)
    (9): Flatten(start_dim=1, end_dim=-1)
    (10): Linear(in_features=2304, out_features=512, bias=True)
    (11): ReLU()
    (12): Linear(in_features=512, out_features=256, bias=True)
    (13): ReLU()
    (14): Linear(in_features=256, out_features=100, bias=True)
  )
)
INFO:__main__:CHILD MODEL LOSS: 1.9314781889915467 with train time 52.764206409454346
INFO:__main__:CHILD MODEL ACCURACY: 0.4716
INFO:__main__:Policy gradient: 0.3375082015991211
INFO:__main__:
INFO:__main__:------ ITERATION 289 ------
INFO:__main__:Layers generated: [('64', '3', '2'), ('256', '5', '0')]
INFO:__main__:ChildCNNModel(
  (model): Sequential(
    (0): Conv2d(3, 128, kernel_size=(3, 3), stride=(1, 1), padding=(1, 1))
    (1): ReLU()
    (2): MaxPool2d(kernel_size=2, stride=2, padding=0, dilation=1, ceil_mode=False)
    (3): Conv2d(128, 64, kernel_size=(3, 3), stride=(1, 1), padding=(2, 2))
    (4): ReLU()
    (5): MaxPool2d(kernel_size=2, stride=2, padding=0, dilation=1, ceil_mode=False)
    (6): Conv2d(64, 256, kernel_size=(5, 5), stride=(1, 1))
    (7): ReLU()
    (8): MaxPool2d(kernel_size=2, stride=2, padding=0, dilation=1, ceil_mode=False)
    (9): Flatten(start_dim=1, end_dim=-1)
    (10): Linear(in_features=1024, out_features=512, bias=True)
    (11): ReLU()
    (12): Linear(in_features=512, out_features=256, bias=True)
    (13): ReLU()
    (14): Linear(in_features=256, out_features=100, bias=True)
  )
)
INFO:__main__:CHILD MODEL LOSS: 2.09062593793869 with train time 47.612093448638916
INFO:__main__:CHILD MODEL ACCURACY: 0.4438
INFO:__main__:Policy gradient: 0.10481756925582886
INFO:__main__:
INFO:__main__:------ ITERATION 290 ------
INFO:__main__:Layers generated: [('64', '5', '0'), ('64', '1', '1')]
INFO:__main__:ChildCNNModel(
  (model): Sequential(
    (0): Conv2d(3, 128, kernel_size=(3, 3), stride=(1, 1), padding=(1, 1))
    (1): ReLU()
    (2): MaxPool2d(kernel_size=2, stride=2, padding=0, dilation=1, ceil_mode=False)
    (3): Conv2d(128, 64, kernel_size=(5, 5), stride=(1, 1))
    (4): ReLU()
    (5): MaxPool2d(kernel_size=2, stride=2, padding=0, dilation=1, ceil_mode=False)
    (6): Conv2d(64, 64, kernel_size=(1, 1), stride=(1, 1), padding=(1, 1))
    (7): ReLU()
    (8): MaxPool2d(kernel_size=2, stride=2, padding=0, dilation=1, ceil_mode=False)
    (9): Flatten(start_dim=1, end_dim=-1)
    (10): Linear(in_features=1024, out_features=512, bias=True)
    (11): ReLU()
    (12): Linear(in_features=512, out_features=256, bias=True)
    (13): ReLU()
    (14): Linear(in_features=256, out_features=100, bias=True)
  )
)
INFO:__main__:CHILD MODEL LOSS: 2.1536547179222105 with train time 47.40995979309082
INFO:__main__:CHILD MODEL ACCURACY: 0.429
INFO:__main__:Policy gradient: -0.006091149058192968
INFO:__main__:
INFO:__main__:------ ITERATION 291 ------
INFO:__main__:Layers generated: [('128', '3', '1'), ('16', '5', '2')]
INFO:__main__:ChildCNNModel(
  (model): Sequential(
    (0): Conv2d(3, 128, kernel_size=(3, 3), stride=(1, 1), padding=(1, 1))
    (1): ReLU()
    (2): MaxPool2d(kernel_size=2, stride=2, padding=0, dilation=1, ceil_mode=False)
    (3): Conv2d(128, 128, kernel_size=(3, 3), stride=(1, 1), padding=(1, 1))
    (4): ReLU()
    (5): MaxPool2d(kernel_size=2, stride=2, padding=0, dilation=1, ceil_mode=False)
    (6): Conv2d(128, 16, kernel_size=(5, 5), stride=(1, 1), padding=(2, 2))
    (7): ReLU()
    (8): MaxPool2d(kernel_size=2, stride=2, padding=0, dilation=1, ceil_mode=False)
    (9): Flatten(start_dim=1, end_dim=-1)
    (10): Linear(in_features=256, out_features=512, bias=True)
    (11): ReLU()
    (12): Linear(in_features=512, out_features=256, bias=True)
    (13): ReLU()
    (14): Linear(in_features=256, out_features=100, bias=True)
  )
)
INFO:__main__:CHILD MODEL LOSS: 2.267504647254944 with train time 47.147987604141235
INFO:__main__:CHILD MODEL ACCURACY: 0.4093
INFO:__main__:Policy gradient: -0.16227568686008453
INFO:__main__:
INFO:__main__:------ ITERATION 292 ------
INFO:__main__:Layers generated: [('128', '1', '2'), ('64', '3', '2')]
INFO:__main__:ChildCNNModel(
  (model): Sequential(
    (0): Conv2d(3, 128, kernel_size=(3, 3), stride=(1, 1), padding=(1, 1))
    (1): ReLU()
    (2): MaxPool2d(kernel_size=2, stride=2, padding=0, dilation=1, ceil_mode=False)
    (3): Conv2d(128, 128, kernel_size=(1, 1), stride=(1, 1), padding=(2, 2))
    (4): ReLU()
    (5): MaxPool2d(kernel_size=2, stride=2, padding=0, dilation=1, ceil_mode=False)
    (6): Conv2d(128, 64, kernel_size=(3, 3), stride=(1, 1), padding=(2, 2))
    (7): ReLU()
    (8): MaxPool2d(kernel_size=2, stride=2, padding=0, dilation=1, ceil_mode=False)
    (9): Flatten(start_dim=1, end_dim=-1)
    (10): Linear(in_features=2304, out_features=512, bias=True)
    (11): ReLU()
    (12): Linear(in_features=512, out_features=256, bias=True)
    (13): ReLU()
    (14): Linear(in_features=256, out_features=100, bias=True)
  )
)
INFO:__main__:CHILD MODEL LOSS: 2.0444740986824037 with train time 45.07657313346863
INFO:__main__:CHILD MODEL ACCURACY: 0.4436
INFO:__main__:Policy gradient: 0.10877115279436111
INFO:__main__:
INFO:__main__:------ ITERATION 293 ------
INFO:__main__:Layers generated: [('32', '1', '2'), ('256', '3', '1')]
INFO:__main__:ChildCNNModel(
  (model): Sequential(
    (0): Conv2d(3, 128, kernel_size=(3, 3), stride=(1, 1), padding=(1, 1))
    (1): ReLU()
    (2): MaxPool2d(kernel_size=2, stride=2, padding=0, dilation=1, ceil_mode=False)
    (3): Conv2d(128, 32, kernel_size=(1, 1), stride=(1, 1), padding=(2, 2))
    (4): ReLU()
    (5): MaxPool2d(kernel_size=2, stride=2, padding=0, dilation=1, ceil_mode=False)
    (6): Conv2d(32, 256, kernel_size=(3, 3), stride=(1, 1), padding=(1, 1))
    (7): ReLU()
    (8): MaxPool2d(kernel_size=2, stride=2, padding=0, dilation=1, ceil_mode=False)
    (9): Flatten(start_dim=1, end_dim=-1)
    (10): Linear(in_features=6400, out_features=512, bias=True)
    (11): ReLU()
    (12): Linear(in_features=512, out_features=256, bias=True)
    (13): ReLU()
    (14): Linear(in_features=256, out_features=100, bias=True)
  )
)
INFO:__main__:CHILD MODEL LOSS: 1.9704333310127258 with train time 45.64430260658264
INFO:__main__:CHILD MODEL ACCURACY: 0.4637
INFO:__main__:Policy gradient: 0.2668561041355133
INFO:__main__:
INFO:__main__:------ ITERATION 294 ------
INFO:__main__:Layers generated: [('128', '1', '0'), ('128', '3', '0')]
INFO:__main__:ChildCNNModel(
  (model): Sequential(
    (0): Conv2d(3, 128, kernel_size=(3, 3), stride=(1, 1), padding=(1, 1))
    (1): ReLU()
    (2): MaxPool2d(kernel_size=2, stride=2, padding=0, dilation=1, ceil_mode=False)
    (3): Conv2d(128, 128, kernel_size=(1, 1), stride=(1, 1))
    (4): ReLU()
    (5): MaxPool2d(kernel_size=2, stride=2, padding=0, dilation=1, ceil_mode=False)
    (6): Conv2d(128, 128, kernel_size=(3, 3), stride=(1, 1))
    (7): ReLU()
    (8): MaxPool2d(kernel_size=2, stride=2, padding=0, dilation=1, ceil_mode=False)
    (9): Flatten(start_dim=1, end_dim=-1)
    (10): Linear(in_features=1152, out_features=512, bias=True)
    (11): ReLU()
    (12): Linear(in_features=512, out_features=256, bias=True)
    (13): ReLU()
    (14): Linear(in_features=256, out_features=100, bias=True)
  )
)
INFO:__main__:CHILD MODEL LOSS: 2.1175028767585755 with train time 44.27686595916748
INFO:__main__:CHILD MODEL ACCURACY: 0.4412
INFO:__main__:Policy gradient: 0.0644230842590332
INFO:__main__:
INFO:__main__:------ ITERATION 295 ------
INFO:__main__:Layers generated: [('64', '3', '1'), ('128', '1', '1')]
INFO:__main__:ChildCNNModel(
  (model): Sequential(
    (0): Conv2d(3, 128, kernel_size=(3, 3), stride=(1, 1), padding=(1, 1))
    (1): ReLU()
    (2): MaxPool2d(kernel_size=2, stride=2, padding=0, dilation=1, ceil_mode=False)
    (3): Conv2d(128, 64, kernel_size=(3, 3), stride=(1, 1), padding=(1, 1))
    (4): ReLU()
    (5): MaxPool2d(kernel_size=2, stride=2, padding=0, dilation=1, ceil_mode=False)
    (6): Conv2d(64, 128, kernel_size=(1, 1), stride=(1, 1), padding=(1, 1))
    (7): ReLU()
    (8): MaxPool2d(kernel_size=2, stride=2, padding=0, dilation=1, ceil_mode=False)
    (9): Flatten(start_dim=1, end_dim=-1)
    (10): Linear(in_features=3200, out_features=512, bias=True)
    (11): ReLU()
    (12): Linear(in_features=512, out_features=256, bias=True)
    (13): ReLU()
    (14): Linear(in_features=256, out_features=100, bias=True)
  )
)
INFO:__main__:CHILD MODEL LOSS: 2.1125682768821714 with train time 41.94275450706482
INFO:__main__:CHILD MODEL ACCURACY: 0.4398
INFO:__main__:Policy gradient: 0.0488508865237236
INFO:__main__:
INFO:__main__:------ ITERATION 296 ------
INFO:__main__:Layers generated: [('256', '5', '0'), ('64', '5', '2')]
INFO:__main__:ChildCNNModel(
  (model): Sequential(
    (0): Conv2d(3, 128, kernel_size=(3, 3), stride=(1, 1), padding=(1, 1))
    (1): ReLU()
    (2): MaxPool2d(kernel_size=2, stride=2, padding=0, dilation=1, ceil_mode=False)
    (3): Conv2d(128, 256, kernel_size=(5, 5), stride=(1, 1))
    (4): ReLU()
    (5): MaxPool2d(kernel_size=2, stride=2, padding=0, dilation=1, ceil_mode=False)
    (6): Conv2d(256, 64, kernel_size=(5, 5), stride=(1, 1), padding=(2, 2))
    (7): ReLU()
    (8): MaxPool2d(kernel_size=2, stride=2, padding=0, dilation=1, ceil_mode=False)
    (9): Flatten(start_dim=1, end_dim=-1)
    (10): Linear(in_features=576, out_features=512, bias=True)
    (11): ReLU()
    (12): Linear(in_features=512, out_features=256, bias=True)
    (13): ReLU()
    (14): Linear(in_features=256, out_features=100, bias=True)
  )
)
INFO:__main__:CHILD MODEL LOSS: 2.078170453071594 with train time 56.52888870239258
INFO:__main__:CHILD MODEL ACCURACY: 0.4317
INFO:__main__:Policy gradient: -0.016158796846866608
INFO:__main__:
INFO:__main__:------ ITERATION 297 ------
INFO:__main__:Layers generated: [('256', '1', '1'), ('128', '3', '2')]
INFO:__main__:ChildCNNModel(
  (model): Sequential(
    (0): Conv2d(3, 128, kernel_size=(3, 3), stride=(1, 1), padding=(1, 1))
    (1): ReLU()
    (2): MaxPool2d(kernel_size=2, stride=2, padding=0, dilation=1, ceil_mode=False)
    (3): Conv2d(128, 256, kernel_size=(1, 1), stride=(1, 1), padding=(1, 1))
    (4): ReLU()
    (5): MaxPool2d(kernel_size=2, stride=2, padding=0, dilation=1, ceil_mode=False)
    (6): Conv2d(256, 128, kernel_size=(3, 3), stride=(1, 1), padding=(2, 2))
    (7): ReLU()
    (8): MaxPool2d(kernel_size=2, stride=2, padding=0, dilation=1, ceil_mode=False)
    (9): Flatten(start_dim=1, end_dim=-1)
    (10): Linear(in_features=3200, out_features=512, bias=True)
    (11): ReLU()
    (12): Linear(in_features=512, out_features=256, bias=True)
    (13): ReLU()
    (14): Linear(in_features=256, out_features=100, bias=True)
  )
)
INFO:__main__:CHILD MODEL LOSS: 1.9929030408859254 with train time 50.506850242614746
INFO:__main__:CHILD MODEL ACCURACY: 0.4513
INFO:__main__:Policy gradient: 0.12478663772344589
INFO:__main__:
INFO:__main__:------ ITERATION 298 ------
INFO:__main__:Layers generated: [('256', '1', '1'), ('64', '3', '1')]
INFO:__main__:ChildCNNModel(
  (model): Sequential(
    (0): Conv2d(3, 128, kernel_size=(3, 3), stride=(1, 1), padding=(1, 1))
    (1): ReLU()
    (2): MaxPool2d(kernel_size=2, stride=2, padding=0, dilation=1, ceil_mode=False)
    (3): Conv2d(128, 256, kernel_size=(1, 1), stride=(1, 1), padding=(1, 1))
    (4): ReLU()
    (5): MaxPool2d(kernel_size=2, stride=2, padding=0, dilation=1, ceil_mode=False)
    (6): Conv2d(256, 64, kernel_size=(3, 3), stride=(1, 1), padding=(1, 1))
    (7): ReLU()
    (8): MaxPool2d(kernel_size=2, stride=2, padding=0, dilation=1, ceil_mode=False)
    (9): Flatten(start_dim=1, end_dim=-1)
    (10): Linear(in_features=1024, out_features=512, bias=True)
    (11): ReLU()
    (12): Linear(in_features=512, out_features=256, bias=True)
    (13): ReLU()
    (14): Linear(in_features=256, out_features=100, bias=True)
  )
)
INFO:__main__:CHILD MODEL LOSS: 2.1263977694511413 with train time 48.64144229888916
INFO:__main__:CHILD MODEL ACCURACY: 0.4308
INFO:__main__:Policy gradient: -0.03610238432884216
INFO:__main__:
INFO:__main__:------ ITERATION 299 ------
INFO:__main__:Layers generated: [('32', '3', '2'), ('16', '5', '2')]
INFO:__main__:ChildCNNModel(
  (model): Sequential(
    (0): Conv2d(3, 128, kernel_size=(3, 3), stride=(1, 1), padding=(1, 1))
    (1): ReLU()
    (2): MaxPool2d(kernel_size=2, stride=2, padding=0, dilation=1, ceil_mode=False)
    (3): Conv2d(128, 32, kernel_size=(3, 3), stride=(1, 1), padding=(2, 2))
    (4): ReLU()
    (5): MaxPool2d(kernel_size=2, stride=2, padding=0, dilation=1, ceil_mode=False)
    (6): Conv2d(32, 16, kernel_size=(5, 5), stride=(1, 1), padding=(2, 2))
    (7): ReLU()
    (8): MaxPool2d(kernel_size=2, stride=2, padding=0, dilation=1, ceil_mode=False)
    (9): Flatten(start_dim=1, end_dim=-1)
    (10): Linear(in_features=256, out_features=512, bias=True)
    (11): ReLU()
    (12): Linear(in_features=512, out_features=256, bias=True)
    (13): ReLU()
    (14): Linear(in_features=256, out_features=100, bias=True)
  )
)
INFO:__main__:CHILD MODEL LOSS: 2.325963381290436 with train time 42.81352162361145
INFO:__main__:CHILD MODEL ACCURACY: 0.4011
INFO:__main__:Policy gradient: -0.27877292037010193
INFO:__main__:
